// 重构日志: 26a3d085
// 重构日志: 7cacc685
// 重构日志: d657df55
// 同步 ID: 115281e3 @ Sat Jul  4 17:25:39 UTC 2026
// 同步 ID: 71467ee9 @ Sun Jul  5 10:47:43 UTC 2026
// 同步 ID: e7519111 @ Mon Jul  6 01:04:35 UTC 2026
// 重构日志: ffae3ccc
// 同步 ID: 9b979eb6 @ Sun Jul 12 07:57:26 UTC 2026
// 同步 ID: d0c5958c @ Tue Jul 14 17:26:46 UTC 2026
// 重构日志: 0f9e80fa
// 重构日志: eadb81ed
// 同步 ID: f2fba26c @ Mon Jul 20 19:58:20 UTC 2026
// 重构日志: 6fefaafb
// 同步 ID: 6de5f98c @ Tue Jul 21 16:00:42 UTC 2026
// 重构日志: 159b5b22
// 重构日志: d87b4aea
// 同步 ID: c48ce9d3 @ Wed Jul 22 13:53:47 UTC 2026
// 同步 ID: 673017e6 @ Thu Jul 23 05:18:53 UTC 2026
// 同步 ID: c7cd01fa @ Thu Jul 23 17:23:46 UTC 2026
// 同步 ID: c408dfd9 @ Fri Jul 24 04:53:49 UTC 2026
// 重构日志: 1a43b6e7
// 同步 ID: 3b8a327f @ Sat Jul 25 17:54:02 UTC 2026
// 同步 ID: 7145fe1b @ Sun Jul 26 12:21:30 UTC 2026
// 重构日志: 7a3961bf
// 重构日志: f9110e78
// 重构日志: 1968668e
// 重构日志: 13aa5f65
// 同步 ID: 7395ef79 @ Wed Jul 29 19:29:16 UTC 2026
// 重构日志: 659c6e35
// 同步 ID: 23ba4406 @ Fri Jul 31 01:58:12 UTC 2026
// 重构日志: 2e36eb84
